14:57:25 ok jd4j/ant-ivy  16M e82f1882b1fdc580fc1c5dcd0935115ad963a747
14:57:27 ok jd4j/commons-bcel  14M 3d91792575685aacbba6ab9cdd2ec0fc632e7ebb
14:57:30 ok jd4j/commons-beanutils  12M 389264ff96c9e361ecb830a9813eae3f86f38d3a
14:57:32 ok jd4j/commons-codec 8.7M 5444a15a34dada7b6d92f6f96c58bef74cee2817
14:57:36 ok jd4j/commons-collections  28M c71d621909dc616d5709e5d3b703392d0786224b
14:57:46 ok jd4j/commons-compress  83M f4eea9e5cf73e38cf352c0d5f85376e5bbb630b9
14:57:49 ok jd4j/commons-configuration  22M aa126124e918cddd8290c8a84bf876149e012cac
14:57:51 ok jd4j/commons-dbcp 9.5M e68acfc5eee074b6b78908199c03715726fbd37d
14:57:53 ok jd4j/commons-digester 7.2M 0e6d183e1edba72b5d78208307c82f71bfdfb7ad
14:57:55 ok jd4j/commons-io  17M 05f968e913fb43f21ccecb44eba5d523999999f9
14:58:00 ok jd4j/commons-jcs  29M ef66ce7f0c12ccace5fcbc8afbcbf29211b8b09c
14:58:05 ok jd4j/commons-lang  36M 4ee346e59eecccdaefbdd74ac53698da4a1f348a
14:58:10 ok jd4j/commons-math  34M a3869a44854b2bad7e0d654566a1efaf067f52ee
14:58:13 ok jd4j/commons-net  15M 10d17795f5a5a5d8c6c2f59ec0d0f401106c3227
14:58:15 ok jd4j/commons-scxml 5.9M ae7939eb68a987b1122a63cecfb368ff8f047ece
14:58:18 ok jd4j/commons-validator  12M dfd343681ef89350a34596f94964f6291bc50bfa
14:58:20 ok jd4j/commons-vfs  17M 991da18a3cb896ab87f207102bc07a68ef7a3075
14:58:24 ok jd4j/giraph  28M 14a74297378dc1584efbb698054f0e8bff4f90bc
14:58:26 ok jd4j/gora  13M cc01c182e9fbf839ac79f66142cf9cbd9f1596c5
14:58:31 ok jd4j/opennlp  28M ac0281a98912bad0a09233d427170554fbd9e469
14:58:34 ok jd4j/parquet-mr  19M 921c3571f4086464c2888a9532ca6d925559c241
14:58:53 ok cpt/zookeeper 164M aafd344eeeb5090e0e24126ea9e28133a77c22b0
14:59:06 ok cpt/zeppelin 132M d3e932f0b1e61aea2a2cec3b52666947294fca8b
14:59:14 ok cpt/activemq  63M da76c129f2eb63d8adcf967bd17cc4d92e450b98
14:59:49 ok cpt/kafka 338M 99b940733a9f6bc409457dba7108f08421d81e42
15:00:43 ok cpt/cassandra 479M 5a8779681ef2174ef838ae607f57b9d21fd0f641
15:01:18 ok cpt/groovy 303M f70896f8de39a87184d219a2eac2aa42ddc978bc
15:01:18 DONE
