{
  "B0-LGBM": {
    "test_ap": {
      "mean": 0.1974041237331358,
      "n": 3,
      "sd": 3.3993498887762956e-17
    },
    "valid_ap": {
      "mean": 0.2105704139277719,
      "n": 3,
      "sd": 3.3993498887762956e-17
    }
  },
  "B0-LR": {
    "test_ap": {
      "mean": 0.21474218540651,
      "n": 3,
      "sd": 3.3993498887762956e-17
    },
    "valid_ap": {
      "mean": 0.3192886953697644,
      "n": 3,
      "sd": 0.0
    }
  },
  "B1-TFIDF-S": {
    "test_ap": {
      "mean": 0.4400036643152769,
      "n": 3,
      "sd": 0.0
    },
    "valid_ap": {
      "mean": 0.5463648613877781,
      "n": 3,
      "sd": 0.0
    }
  },
  "B2-S": {
    "test_ap": {
      "mean": 0.4746415012585448,
      "n": 3,
      "sd": 0.017717022873076253
    },
    "valid_ap": {
      "mean": 0.6161368165392672,
      "n": 3,
      "sd": 0.01060686036125114
    }
  },
  "B3-S": {
    "test_ap": {
      "mean": 0.5981824890892921,
      "n": 3,
      "sd": 0.023346219465356366
    },
    "valid_ap": {
      "mean": 0.6870823825314328,
      "n": 3,
      "sd": 0.007731058091145529
    }
  },
  "B4-S": {
    "test_ap": {
      "mean": 0.5900160481637718,
      "n": 3,
      "sd": 0.033963180018369614
    },
    "valid_ap": {
      "mean": 0.6735967364686047,
      "n": 3,
      "sd": 0.013687430744666844
    }
  },
  "B5-S": {
    "test_ap": {
      "mean": 0.5800201494823424,
      "n": 3,
      "sd": 0.029405429582701887
    },
    "valid_ap": {
      "mean": 0.6687883609798783,
      "n": 3,
      "sd": 0.009838159306909308
    }
  },
  "L0-S": {
    "test_ap": {
      "mean": 0.12488451045086342,
      "n": 1,
      "sd": null
    },
    "valid_ap": {
      "mean": 0.14019888278122036,
      "n": 1,
      "sd": null
    }
  },
  "L1-S": {
    "test_ap": {
      "mean": 0.17156021927131218,
      "n": 3,
      "sd": 0.0063610989748900644
    },
    "valid_ap": {
      "mean": 0.2043392395341028,
      "n": 3,
      "sd": 0.020268285330765454
    }
  }
}
